CREATE NAMESPACE "/timeorder";
USE "/timeorder";
DROP TABLE IF EXISTS timeorder_test;

# negative tests failing with syntax errors
CREATE TABLE timeorder_test (cf1 TIME_ORDER, cf2, cf3);
Error: parse error at: CREATE TABLE timeorder_test (cf1 TIME_ORDER, cf2, cf3) (CREATE TABLE timeorder_test (cf1 TIME_ORDER, cf2, cf3)) - HYPERTABLE HQL parse error
CREATE TABLE timeorder_test (cf1 TIME_ORDER blah, cf2, cf3);
Error: parse error at: CREATE TABLE timeorder_test (cf1 TIME_ORDER blah, cf2, cf3) (CREATE TABLE timeorder_test (cf1 TIME_ORDER blah, cf2, cf3)) - HYPERTABLE HQL parse error
CREATE TABLE timeorder_test (cf1 TIME_ORDER ASC TIME_ORDER ASC, cf2, cf3);
Error: Multiple specifications of TIME_ORDER option for column 'cf1' - HYPERTABLE HQL parse error
CREATE TABLE timeorder_test (cf1 TIME_ORDER ASC TIME_ORDER DESC, cf2, cf3);
Error: Multiple specifications of TIME_ORDER option for column 'cf1' - HYPERTABLE HQL parse error
CREATE TABLE timeorder_test (cf1 TIME_ORDER DESC TIME_ORDER DESC, cf2, cf3);
Error: Multiple specifications of TIME_ORDER option for column 'cf1' - HYPERTABLE HQL parse error
CREATE TABLE timeorder_test (cf1 TIME_ORDER DESC TIME_ORDER ASC, cf2, cf3);
Error: Multiple specifications of TIME_ORDER option for column 'cf1' - HYPERTABLE HQL parse error

# TIME_ORDER ASC is the default
CREATE TABLE timeorder_test (cf1 TIME_ORDER ASC, cf2);
INSERT INTO timeorder_test VALUES ('r1', 'cf1', 'val1.1');
INSERT INTO timeorder_test VALUES ('r1', 'cf2', 'val1.2');
INSERT INTO timeorder_test VALUES ('r1', 'cf1', 'val2.1');
INSERT INTO timeorder_test VALUES ('r1', 'cf2', 'val2.2');
INSERT INTO timeorder_test VALUES ('r1', 'cf1', 'val3.1');
INSERT INTO timeorder_test VALUES ('r1', 'cf2', 'val3.2');
INSERT INTO timeorder_test VALUES ('r1', 'cf1', 'val4.1');
INSERT INTO timeorder_test VALUES ('r1', 'cf2', 'val4.2');
INSERT INTO timeorder_test VALUES ('r1', 'cf1', 'val5.1');
INSERT INTO timeorder_test VALUES ('r1', 'cf2', 'val5.2');
SELECT * FROM timeorder_test;
r1	cf1	val5.1
r1	cf1	val4.1
r1	cf1	val3.1
r1	cf1	val2.1
r1	cf1	val1.1
r1	cf2	val5.2
r1	cf2	val4.2
r1	cf2	val3.2
r1	cf2	val2.2
r1	cf2	val1.2

# make sure that the schema is persistent
DROP TABLE IF EXISTS timeorder_test;
CREATE TABLE timeorder_test (cf1 TIME_ORDER DESC, cf2);
DESCRIBE TABLE timeorder_test;
<Schema>
  <AccessGroupDefaults>
  </AccessGroupDefaults>
  <ColumnFamilyDefaults>
  </ColumnFamilyDefaults>
  <AccessGroup name="default">
    <Options>
    </Options>
    <ColumnFamilyDefaults>
    </ColumnFamilyDefaults>
    <ColumnFamily>
      <Name>cf1</Name>
      <AccessGroup>default</AccessGroup>
      <Deleted>false</Deleted>
      <Options>
        <TimeOrder>desc</TimeOrder>
      </Options>
    </ColumnFamily>
    <ColumnFamily>
      <Name>cf2</Name>
      <AccessGroup>default</AccessGroup>
      <Deleted>false</Deleted>
      <Options>
      </Options>
    </ColumnFamily>
  </AccessGroup>
</Schema>

SHOW CREATE TABLE timeorder_test;
CREATE TABLE 'timeorder_test' (
  cf1 TIME_ORDER desc,
  cf2,
  ACCESS GROUP default (cf1, cf2)
);


# insert more data, verify
INSERT INTO timeorder_test VALUES ('r1', 'cf1', 'val1');
INSERT INTO timeorder_test VALUES ('r1', 'cf1', 'val2');
INSERT INTO timeorder_test VALUES ('r1', 'cf1', 'val3');
INSERT INTO timeorder_test VALUES ('r1', 'cf1', 'val4');
INSERT INTO timeorder_test VALUES ('r1', 'cf1', 'val5');
INSERT INTO timeorder_test VALUES ('r1', 'cf2', 'val1');
INSERT INTO timeorder_test VALUES ('r1', 'cf2', 'val2');
INSERT INTO timeorder_test VALUES ('r1', 'cf2', 'val3');
INSERT INTO timeorder_test VALUES ('r1', 'cf2', 'val4');
INSERT INTO timeorder_test VALUES ('r1', 'cf2', 'val5');
SELECT * FROM timeorder_test;
r1	cf1	val1
r1	cf1	val2
r1	cf1	val3
r1	cf1	val4
r1	cf1	val5
r1	cf2	val5
r1	cf2	val4
r1	cf2	val3
r1	cf2	val2
r1	cf2	val1

# insert/verify but specify the timestamps
DROP TABLE IF EXISTS timeorder_test;
CREATE TABLE timeorder_test (cf1 TIME_ORDER DESC, cf2);
INSERT INTO timeorder_test VALUES ("2011-10-10 04:45:50.000000000", 'r1', 'cf1', 'val1');
INSERT INTO timeorder_test VALUES ("2011-10-10 04:45:51.000000000", 'r1', 'cf1', 'val2');
INSERT INTO timeorder_test VALUES ("2011-10-10 04:45:52.000000000", 'r1', 'cf1', 'val3');
INSERT INTO timeorder_test VALUES ("2011-10-10 04:45:53.000000000", 'r1', 'cf1', 'val4');
INSERT INTO timeorder_test VALUES ("2011-10-10 04:45:54.000000000", 'r1', 'cf1', 'val5');
INSERT INTO timeorder_test VALUES ("2011-10-10 04:45:50.000000000", 'r1', 'cf2', 'val1');
INSERT INTO timeorder_test VALUES ("2011-10-10 04:45:51.000000000", 'r1', 'cf2', 'val2');
INSERT INTO timeorder_test VALUES ("2011-10-10 04:45:52.000000000", 'r1', 'cf2', 'val3');
INSERT INTO timeorder_test VALUES ("2011-10-10 04:45:53.000000000", 'r1', 'cf2', 'val4');
INSERT INTO timeorder_test VALUES ("2011-10-10 04:45:54.000000000", 'r1', 'cf2', 'val5');
SELECT * FROM timeorder_test DISPLAY_TIMESTAMPS;
2011-10-10 04:45:50.000000000	r1	cf1	val1
2011-10-10 04:45:51.000000000	r1	cf1	val2
2011-10-10 04:45:52.000000000	r1	cf1	val3
2011-10-10 04:45:53.000000000	r1	cf1	val4
2011-10-10 04:45:54.000000000	r1	cf1	val5
2011-10-10 04:45:54.000000000	r1	cf2	val5
2011-10-10 04:45:53.000000000	r1	cf2	val4
2011-10-10 04:45:52.000000000	r1	cf2	val3
2011-10-10 04:45:51.000000000	r1	cf2	val2
2011-10-10 04:45:50.000000000	r1	cf2	val1

